# .dnc extraction summary
# source        : MISE16-SALIERY.dnc  (50334 bytes, main)
# source        : MISE16-SALIERY-InitScripts.dnc  (2176 bytes, init)
# actors_total  : 69
# init_records  : 3
# scripts_found : 54

# main-container actor type-code distribution
#   type    2  count=1  
#   type    4  count=1  
#   type    5  count=28  script
#   type    6  count=12  
#   type   12  count=1  
#   type   27  count=23  human (scripted NPC)
#   type   35  count=3  

# ---- command keyword totals (across all scripts, case-insensitive) ----
# unique commands  : 94
# total invocations: 2154
# (counts are case-insensitive; observed source casings shown in brackets)

   272  frm_seton    [casings: FRM_SETON, frm_seton]
   212  wait
   165  enemy_playanim
   160  commandblock
   141  findframe    [casings: FINDFRAME, FindFrame, findframe]
   126  label
   124  let
   102  findactor
    78  goto
    57  if
    40  dim_flt    [casings: DIM_FLT, dim_flt]
    33  dim_act
    33  human_looktoactor
    30  event
    29  human_talk
    27  dim_frm    [casings: DIM_FRM, dim_frm]
    27  end
    27  return
    24  enemy_wait
    21  act_setstate
    21  {
    21  }
    20  actor_setplacement
    19  human_getproperty
    18  event_use_cb
    18  rnd
    17  enemy_forcescript
    17  enemy_move
    15  human_returnfrompanic
    14  enemy_actionsclear
    14  enemy_brainwash
    14  enemy_vidim
    14  setevent
    14  setnoanimhit
    12  enemy_lookto
    12  enemy_talk
    10  getenemyaistate
     9  emitparticle
     8  getactorsdist
     8  human_addweapon
     7  create_physicalobject
     7  enemy_stopanim
     7  human_stoptalk
     7  settraffsectorsnd    [casings: SetTraffSectorSnd]
     6  enemy_action_fire
     6  enemy_group_add
     6  human_holster
     5  detector_inrange
     5  endofmission
     5  iffltinrange    [casings: IFFLTINRANGE]
     4  player_lockcontrols
     3  compareownerwithex
     3  enemy_lockstate
     3  enemy_stop
     3  human_linktohand
     3  playsound
     2  detector_issignal
     2  detector_setsignal
     2  detector_waitforuse
     2  dialog_camswitch
     2  door_enableus
     2  door_open
     2  enemy_action_follow
     2  enemy_look
     2  getgametime
     2  inventory_push
     2  setplayerfireevent
     2  wingman_setindicator
     2  zatmyse
     1  autosavegame
     1  callsubroutine
     1  change_mission
     1  cleardifferences
     1  createweaponfromframe
     1  detector_waitforhit
     1  dialog_begin
     1  dialog_end
     1  door_lock
     1  enemy_group_new
     1  game_nightmission
     1  garage_carmanager
     1  garage_nezahazuj
     1  human_createab
     1  human_eraseab
     1  human_getowner
     1  human_reset
     1  loaddifferences
     1  mission_objectives
     1  mission_objectivesclear
     1  person_playanim
     1  person_stopanim
     1  recloadfull
     1  recunload
     1  recwaitforend

# ---- per-script command listing ----

[Czena]  type=27  lines=44  commands=26
    commandblock
    dim_act
    dim_flt
    dim_frm
    end
    enemy_actionsclear
    enemy_brainwash
    enemy_forcescript
    enemy_playanim
    enemy_vidim
    event
    event_use_cb
    findactor
    findframe
    frm_seton
    goto
    human_getproperty
    human_returnfrompanic
    if
    label
    let
    return
    setnoanimhit
    wait
    {
    }

[GameInitEnd]  type=init  lines=82  commands=11
    dim_act
    dim_frm
    door_enableus
    findactor
    findframe
    frm_seton
    garage_nezahazuj
    human_addweapon
    human_holster
    mission_objectives
    mission_objectivesclear

[GameInitStart]  type=init  lines=2  commands=2
    callsubroutine
    game_nightmission

[Luigi]  type=27  lines=419  commands=17
    act_setstate
    commandblock
    dim_act
    dim_flt
    dim_frm
    enemy_action_fire
    enemy_lookto
    enemy_move
    enemy_playanim
    enemy_wait
    event
    findactor
    findframe
    frm_seton
    goto
    label
    wait

[Paulie]  type=27  lines=44  commands=23
    dim_act
    dim_flt
    enemy_action_fire
    enemy_action_follow
    enemy_forcescript
    enemy_lookto
    enemy_move
    enemy_stop
    enemy_wait
    event
    event_use_cb
    findactor
    goto
    human_looktoactor
    if
    label
    let
    return
    setevent
    wait
    wingman_setindicator
    {
    }

[Ralph]  type=27  lines=42  commands=23
    act_setstate
    dim_act
    door_lock
    door_open
    enemy_action_fire
    enemy_forcescript
    enemy_look
    enemy_lookto
    enemy_move
    enemy_stop
    enemy_talk
    enemy_wait
    event
    event_use_cb
    findactor
    garage_carmanager
    goto
    human_looktoactor
    label
    return
    wait
    {
    }

[Salieri]  type=27  lines=75  commands=20
    dim_act
    dim_flt
    enemy_action_fire
    enemy_group_add
    enemy_group_new
    enemy_playanim
    enemy_talk
    enemy_wait
    event
    findactor
    getactorsdist
    goto
    human_looktoactor
    if
    label
    let
    return
    wait
    {
    }

[Sam]  type=27  lines=44  commands=23
    dim_act
    dim_flt
    enemy_action_fire
    enemy_action_follow
    enemy_forcescript
    enemy_lookto
    enemy_move
    enemy_stop
    enemy_wait
    event
    event_use_cb
    findactor
    goto
    human_looktoactor
    if
    label
    let
    return
    setevent
    wait
    wingman_setindicator
    {
    }

[TraffSndSect]  type=init  lines=10  commands=1
    settraffsectorsnd

[VincenzoHIGH]  type=27  lines=164  commands=41
    act_setstate
    actor_setplacement
    commandblock
    createweaponfromframe
    detector_issignal
    detector_setsignal
    dialog_begin
    dialog_camswitch
    dialog_end
    dim_act
    dim_flt
    dim_frm
    enemy_action_fire
    enemy_look
    enemy_lookto
    enemy_move
    enemy_playanim
    enemy_stopanim
    enemy_talk
    enemy_wait
    event
    findactor
    findframe
    frm_seton
    goto
    human_addweapon
    human_createab
    human_eraseab
    human_linktohand
    human_looktoactor
    human_reset
    if
    label
    let
    person_playanim
    person_stopanim
    player_lockcontrols
    playsound
    return
    setevent
    wait

[ab vincenzo]  type=5  lines=22  commands=6
    act_setstate
    detector_waitforuse
    dim_act
    findactor
    label
    setevent

[aktivace ralpha]  type=5  lines=10  commands=7
    act_setstate
    detector_inrange
    dim_act
    dim_flt
    findactor
    if
    label

[aktivace vincenza]  type=5  lines=7  commands=5
    detector_inrange
    detector_setsignal
    dim_flt
    if
    label

[ambipeople]  type=5  lines=14  commands=10
    dim_flt
    dim_frm
    end
    findframe
    frm_seton
    goto
    label
    let
    rnd
    wait

[buch]  type=5  lines=14  commands=10
    dim_flt
    dim_frm
    end
    findframe
    frm_seton
    goto
    label
    let
    rnd
    wait

[chlapek kouri]  type=5  lines=1  commands=0

[chlapek kouri 1]  type=5  lines=1  commands=0

[chlapek mrtvy]  type=5  lines=1  commands=0

[chlapek mrtvy 1]  type=5  lines=1  commands=0

[chlapek mrtvy 2]  type=5  lines=1  commands=0

[chlapek mrtvy 3]  type=5  lines=1  commands=0

[civil]  type=27  lines=52  commands=27
    actor_setplacement
    commandblock
    dim_act
    dim_flt
    dim_frm
    emitparticle
    end
    enemy_actionsclear
    enemy_brainwash
    enemy_forcescript
    enemy_playanim
    enemy_vidim
    event
    event_use_cb
    findactor
    findframe
    goto
    human_getproperty
    human_returnfrompanic
    if
    label
    let
    return
    setnoanimhit
    wait
    {
    }

[civil10]  type=27  lines=43  commands=26
    actor_setplacement
    commandblock
    dim_act
    dim_flt
    dim_frm
    end
    enemy_actionsclear
    enemy_brainwash
    enemy_forcescript
    enemy_playanim
    enemy_vidim
    event
    event_use_cb
    findactor
    findframe
    goto
    human_getproperty
    human_returnfrompanic
    if
    label
    let
    return
    setnoanimhit
    wait
    {
    }

[civil11]  type=27  lines=56  commands=27
    actor_setplacement
    commandblock
    dim_act
    dim_flt
    dim_frm
    emitparticle
    end
    enemy_actionsclear
    enemy_brainwash
    enemy_forcescript
    enemy_playanim
    enemy_vidim
    event
    event_use_cb
    findactor
    findframe
    goto
    human_getproperty
    human_returnfrompanic
    if
    label
    let
    return
    setnoanimhit
    wait
    {
    }

[civil12]  type=27  lines=59  commands=27
    actor_setplacement
    commandblock
    dim_act
    dim_flt
    dim_frm
    emitparticle
    end
    enemy_actionsclear
    enemy_brainwash
    enemy_forcescript
    enemy_playanim
    enemy_vidim
    event
    event_use_cb
    findactor
    findframe
    goto
    human_getproperty
    human_returnfrompanic
    if
    label
    let
    return
    setnoanimhit
    wait
    {
    }

[civil13]  type=27  lines=62  commands=28
    actor_setplacement
    commandblock
    dim_act
    dim_flt
    dim_frm
    emitparticle
    end
    enemy_actionsclear
    enemy_brainwash
    enemy_forcescript
    enemy_playanim
    enemy_vidim
    event
    event_use_cb
    findactor
    findframe
    frm_seton
    goto
    human_getproperty
    human_returnfrompanic
    if
    label
    let
    return
    setnoanimhit
    wait
    {
    }

[civil2]  type=27  lines=62  commands=27
    act_setstate
    commandblock
    dim_act
    dim_flt
    dim_frm
    end
    enemy_actionsclear
    enemy_brainwash
    enemy_forcescript
    enemy_playanim
    enemy_vidim
    event
    event_use_cb
    findactor
    findframe
    frm_seton
    goto
    human_getproperty
    human_returnfrompanic
    if
    label
    let
    return
    setnoanimhit
    wait
    {
    }

[civil3]  type=27  lines=79  commands=27
    actor_setplacement
    commandblock
    dim_act
    dim_flt
    dim_frm
    emitparticle
    end
    enemy_actionsclear
    enemy_brainwash
    enemy_forcescript
    enemy_playanim
    enemy_vidim
    event
    event_use_cb
    findactor
    findframe
    goto
    human_getproperty
    human_returnfrompanic
    if
    label
    let
    return
    setnoanimhit
    wait
    {
    }

[civil4]  type=27  lines=51  commands=23
    commandblock
    dim_act
    dim_flt
    end
    enemy_actionsclear
    enemy_brainwash
    enemy_forcescript
    enemy_playanim
    enemy_vidim
    event
    event_use_cb
    findactor
    goto
    human_getproperty
    human_returnfrompanic
    if
    label
    let
    return
    setnoanimhit
    wait
    {
    }

[civil5]  type=27  lines=58  commands=27
    actor_setplacement
    commandblock
    dim_act
    dim_flt
    dim_frm
    emitparticle
    end
    enemy_actionsclear
    enemy_brainwash
    enemy_forcescript
    enemy_playanim
    enemy_vidim
    event
    event_use_cb
    findactor
    findframe
    goto
    human_getproperty
    human_returnfrompanic
    if
    label
    let
    return
    setnoanimhit
    wait
    {
    }

[civil6]  type=27  lines=77  commands=28
    act_setstate
    actor_setplacement
    commandblock
    dim_act
    dim_flt
    dim_frm
    end
    enemy_actionsclear
    enemy_brainwash
    enemy_forcescript
    enemy_playanim
    enemy_vidim
    event
    event_use_cb
    findactor
    findframe
    frm_seton
    goto
    human_getproperty
    human_returnfrompanic
    if
    label
    let
    return
    setnoanimhit
    wait
    {
    }

[civil7]  type=27  lines=48  commands=26
    actor_setplacement
    commandblock
    dim_act
    dim_flt
    dim_frm
    end
    enemy_actionsclear
    enemy_brainwash
    enemy_forcescript
    enemy_playanim
    enemy_vidim
    event
    event_use_cb
    findactor
    findframe
    goto
    human_getproperty
    human_returnfrompanic
    if
    label
    let
    return
    setnoanimhit
    wait
    {
    }

[civil8]  type=27  lines=55  commands=23
    commandblock
    dim_act
    dim_flt
    end
    enemy_actionsclear
    enemy_brainwash
    enemy_forcescript
    enemy_playanim
    enemy_vidim
    event
    event_use_cb
    findactor
    goto
    human_getproperty
    human_returnfrompanic
    if
    label
    let
    return
    setnoanimhit
    wait
    {
    }

[civil9]  type=27  lines=67  commands=27
    act_setstate
    commandblock
    dim_act
    dim_flt
    dim_frm
    end
    enemy_actionsclear
    enemy_brainwash
    enemy_forcescript
    enemy_playanim
    enemy_vidim
    event
    event_use_cb
    findactor
    findframe
    frm_seton
    goto
    human_getproperty
    human_returnfrompanic
    if
    label
    let
    return
    setnoanimhit
    wait
    {
    }

[detekce bordelu]  type=5  lines=191  commands=22
    dim_act
    dim_flt
    end
    event
    event_use_cb
    findactor
    getactorsdist
    getenemyaistate
    getgametime
    goto
    human_looktoactor
    human_stoptalk
    human_talk
    if
    label
    let
    return
    rnd
    setevent
    setplayerfireevent
    {
    }

[detekce healtu vsech]  type=5  lines=47  commands=9
    dim_act
    dim_flt
    end
    endofmission
    findactor
    human_getproperty
    if
    label
    wait

[detekce stavu npc]  type=5  lines=26  commands=7
    act_setstate
    dim_act
    dim_flt
    findactor
    getenemyaistate
    if
    label

[ef1]  type=5  lines=14  commands=10
    dim_flt
    dim_frm
    end
    findframe
    frm_seton
    goto
    label
    let
    rnd
    wait

[ef2]  type=5  lines=14  commands=10
    dim_flt
    dim_frm
    end
    findframe
    frm_seton
    goto
    label
    let
    rnd
    wait

[hlaska u dveri]  type=5  lines=13  commands=8
    act_setstate
    detector_inrange
    dim_act
    dim_flt
    findactor
    human_talk
    if
    label

[kasel]  type=5  lines=14  commands=10
    dim_flt
    dim_frm
    end
    findframe
    frm_seton
    goto
    label
    let
    rnd
    wait

[load animation 16.1]  type=5  lines=101  commands=18
    act_setstate
    autosavegame
    cleardifferences
    commandblock
    create_physicalobject
    dim_act
    dim_frm
    findactor
    findframe
    frm_seton
    label
    loaddifferences
    player_lockcontrols
    recloadfull
    recunload
    recwaitforend
    wait
    zatmyse

[load mise16-mesto]  type=5  lines=44  commands=15
    change_mission
    compareownerwithex
    detector_inrange
    detector_issignal
    dim_act
    dim_flt
    findactor
    goto
    human_getowner
    human_talk
    if
    inventory_push
    label
    let
    wait

[loko]  type=5  lines=14  commands=10
    dim_flt
    dim_frm
    end
    findframe
    frm_seton
    goto
    label
    let
    rnd
    wait

[luigi ab]  type=5  lines=27  commands=10
    act_setstate
    detector_waitforuse
    dim_act
    dim_flt
    findactor
    goto
    human_talk
    label
    let
    return

[pes1]  type=5  lines=14  commands=10
    dim_flt
    dim_frm
    end
    findframe
    frm_seton
    goto
    label
    let
    rnd
    wait

[poloha chlapka u okna]  type=5  lines=1  commands=0

[sailor]  type=27  lines=19  commands=12
    dim_act
    dim_flt
    dim_frm
    emitparticle
    enemy_lockstate
    enemy_playanim
    findactor
    findframe
    goto
    label
    let
    wait

[sailor2]  type=27  lines=24  commands=11
    dim_flt
    enemy_lockstate
    enemy_lookto
    enemy_move
    enemy_playanim
    enemy_stopanim
    enemy_wait
    goto
    label
    let
    wait

[sailor3]  type=27  lines=31  commands=18
    act_setstate
    dim_act
    dim_flt
    door_enableus
    door_open
    enemy_lockstate
    enemy_lookto
    enemy_move
    enemy_playanim
    enemy_stopanim
    enemy_wait
    findactor
    frm_seton
    human_returnfrompanic
    let
    wait
    {
    }

[smich1]  type=5  lines=31  commands=10
    dim_flt
    dim_frm
    findframe
    frm_seton
    goto
    iffltinrange
    label
    let
    rnd
    wait

[spol4]  type=5  lines=22  commands=10
    dim_flt
    dim_frm
    findframe
    frm_seton
    goto
    iffltinrange
    label
    let
    rnd
    wait

[spusteni dialogu]  type=5  lines=21  commands=12
    act_setstate
    detector_inrange
    dim_act
    dim_flt
    end
    event
    findactor
    if
    label
    let
    return
    setevent

[xradio ]  type=5  lines=8  commands=5
    act_setstate
    detector_waitforhit
    dim_frm
    findframe
    frm_seton
